ARM GAS  C:\Users\Rolf\AppData\Local\Temp\ccZXnzEC.s 			page 1


   1              		.syntax unified
   2              		.cpu cortex-m3
   3              		.fpu softvfp
   4              		.eabi_attribute 20, 1
   5              		.eabi_attribute 21, 1
   6              		.eabi_attribute 23, 3
   7              		.eabi_attribute 24, 1
   8              		.eabi_attribute 25, 1
   9              		.eabi_attribute 26, 1
  10              		.eabi_attribute 30, 1
  11              		.eabi_attribute 34, 1
  12              		.eabi_attribute 18, 4
  13              		.thumb
  14              		.syntax unified
  15              		.file	"Timer_1_PM.c"
  16              		.text
  17              	.Ltext0:
  18              		.cfi_sections	.debug_frame
  19              		.section	.text.Timer_1_SaveConfig,"ax",%progbits
  20              		.align	2
  21              		.global	Timer_1_SaveConfig
  22              		.thumb
  23              		.thumb_func
  24              		.type	Timer_1_SaveConfig, %function
  25              	Timer_1_SaveConfig:
  26              	.LFB0:
  27              		.file 1 "Generated_Source\\PSoC5\\Timer_1_PM.c"
   1:Generated_Source\PSoC5/Timer_1_PM.c **** /*******************************************************************************
   2:Generated_Source\PSoC5/Timer_1_PM.c **** * File Name: Timer_1_PM.c
   3:Generated_Source\PSoC5/Timer_1_PM.c **** * Version 2.80
   4:Generated_Source\PSoC5/Timer_1_PM.c **** *
   5:Generated_Source\PSoC5/Timer_1_PM.c **** *  Description:
   6:Generated_Source\PSoC5/Timer_1_PM.c **** *     This file provides the power management source code to API for the
   7:Generated_Source\PSoC5/Timer_1_PM.c **** *     Timer.
   8:Generated_Source\PSoC5/Timer_1_PM.c **** *
   9:Generated_Source\PSoC5/Timer_1_PM.c **** *   Note:
  10:Generated_Source\PSoC5/Timer_1_PM.c **** *     None
  11:Generated_Source\PSoC5/Timer_1_PM.c **** *
  12:Generated_Source\PSoC5/Timer_1_PM.c **** *******************************************************************************
  13:Generated_Source\PSoC5/Timer_1_PM.c **** * Copyright 2008-2017, Cypress Semiconductor Corporation.  All rights reserved.
  14:Generated_Source\PSoC5/Timer_1_PM.c **** * You may use this file only in accordance with the license, terms, conditions,
  15:Generated_Source\PSoC5/Timer_1_PM.c **** * disclaimers, and limitations in the end user license agreement accompanying
  16:Generated_Source\PSoC5/Timer_1_PM.c **** * the software package with which this file was provided.
  17:Generated_Source\PSoC5/Timer_1_PM.c **** ********************************************************************************/
  18:Generated_Source\PSoC5/Timer_1_PM.c **** 
  19:Generated_Source\PSoC5/Timer_1_PM.c **** #include "Timer_1.h"
  20:Generated_Source\PSoC5/Timer_1_PM.c **** 
  21:Generated_Source\PSoC5/Timer_1_PM.c **** static Timer_1_backupStruct Timer_1_backup;
  22:Generated_Source\PSoC5/Timer_1_PM.c **** 
  23:Generated_Source\PSoC5/Timer_1_PM.c **** 
  24:Generated_Source\PSoC5/Timer_1_PM.c **** /*******************************************************************************
  25:Generated_Source\PSoC5/Timer_1_PM.c **** * Function Name: Timer_1_SaveConfig
  26:Generated_Source\PSoC5/Timer_1_PM.c **** ********************************************************************************
  27:Generated_Source\PSoC5/Timer_1_PM.c **** *
  28:Generated_Source\PSoC5/Timer_1_PM.c **** * Summary:
  29:Generated_Source\PSoC5/Timer_1_PM.c **** *     Save the current user configuration
  30:Generated_Source\PSoC5/Timer_1_PM.c **** *
ARM GAS  C:\Users\Rolf\AppData\Local\Temp\ccZXnzEC.s 			page 2


  31:Generated_Source\PSoC5/Timer_1_PM.c **** * Parameters:
  32:Generated_Source\PSoC5/Timer_1_PM.c **** *  void
  33:Generated_Source\PSoC5/Timer_1_PM.c **** *
  34:Generated_Source\PSoC5/Timer_1_PM.c **** * Return:
  35:Generated_Source\PSoC5/Timer_1_PM.c **** *  void
  36:Generated_Source\PSoC5/Timer_1_PM.c **** *
  37:Generated_Source\PSoC5/Timer_1_PM.c **** * Global variables:
  38:Generated_Source\PSoC5/Timer_1_PM.c **** *  Timer_1_backup:  Variables of this global structure are modified to
  39:Generated_Source\PSoC5/Timer_1_PM.c **** *  store the values of non retention configuration registers when Sleep() API is
  40:Generated_Source\PSoC5/Timer_1_PM.c **** *  called.
  41:Generated_Source\PSoC5/Timer_1_PM.c **** *
  42:Generated_Source\PSoC5/Timer_1_PM.c **** *******************************************************************************/
  43:Generated_Source\PSoC5/Timer_1_PM.c **** void Timer_1_SaveConfig(void) 
  44:Generated_Source\PSoC5/Timer_1_PM.c **** {
  28              		.loc 1 44 0
  29              		.cfi_startproc
  30              		@ args = 0, pretend = 0, frame = 0
  31              		@ frame_needed = 0, uses_anonymous_args = 0
  32 0000 10B5     		push	{r4, lr}
  33              		.cfi_def_cfa_offset 8
  34              		.cfi_offset 4, -8
  35              		.cfi_offset 14, -4
  45:Generated_Source\PSoC5/Timer_1_PM.c ****     #if (!Timer_1_UsingFixedFunction)
  46:Generated_Source\PSoC5/Timer_1_PM.c ****         Timer_1_backup.TimerUdb = Timer_1_ReadCounter();
  36              		.loc 1 46 0
  37 0002 FFF7FEFF 		bl	Timer_1_ReadCounter
  38              	.LVL0:
  39 0006 044C     		ldr	r4, .L3
  40 0008 6070     		strb	r0, [r4, #1]
  47:Generated_Source\PSoC5/Timer_1_PM.c ****         Timer_1_backup.InterruptMaskValue = Timer_1_STATUS_MASK;
  41              		.loc 1 47 0
  42 000a 044B     		ldr	r3, .L3+4
  43 000c 1B78     		ldrb	r3, [r3]	@ zero_extendqisi2
  44 000e A370     		strb	r3, [r4, #2]
  48:Generated_Source\PSoC5/Timer_1_PM.c ****         #if (Timer_1_UsingHWCaptureCounter)
  49:Generated_Source\PSoC5/Timer_1_PM.c ****             Timer_1_backup.TimerCaptureCounter = Timer_1_ReadCaptureCount();
  50:Generated_Source\PSoC5/Timer_1_PM.c ****         #endif /* Back Up capture counter register  */
  51:Generated_Source\PSoC5/Timer_1_PM.c **** 
  52:Generated_Source\PSoC5/Timer_1_PM.c ****         #if(!Timer_1_UDB_CONTROL_REG_REMOVED)
  53:Generated_Source\PSoC5/Timer_1_PM.c ****             Timer_1_backup.TimerControlRegister = Timer_1_ReadControlRegister();
  45              		.loc 1 53 0
  46 0010 FFF7FEFF 		bl	Timer_1_ReadControlRegister
  47              	.LVL1:
  48 0014 E070     		strb	r0, [r4, #3]
  49 0016 10BD     		pop	{r4, pc}
  50              	.L4:
  51              		.align	2
  52              	.L3:
  53 0018 00000000 		.word	.LANCHOR0
  54 001c 8D640040 		.word	1073767565
  55              		.cfi_endproc
  56              	.LFE0:
  57              		.size	Timer_1_SaveConfig, .-Timer_1_SaveConfig
  58              		.section	.text.Timer_1_RestoreConfig,"ax",%progbits
  59              		.align	2
  60              		.global	Timer_1_RestoreConfig
  61              		.thumb
ARM GAS  C:\Users\Rolf\AppData\Local\Temp\ccZXnzEC.s 			page 3


  62              		.thumb_func
  63              		.type	Timer_1_RestoreConfig, %function
  64              	Timer_1_RestoreConfig:
  65              	.LFB1:
  54:Generated_Source\PSoC5/Timer_1_PM.c ****         #endif /* Backup the enable state of the Timer component */
  55:Generated_Source\PSoC5/Timer_1_PM.c ****     #endif /* Backup non retention registers in UDB implementation. All fixed function registers ar
  56:Generated_Source\PSoC5/Timer_1_PM.c **** }
  57:Generated_Source\PSoC5/Timer_1_PM.c **** 
  58:Generated_Source\PSoC5/Timer_1_PM.c **** 
  59:Generated_Source\PSoC5/Timer_1_PM.c **** /*******************************************************************************
  60:Generated_Source\PSoC5/Timer_1_PM.c **** * Function Name: Timer_1_RestoreConfig
  61:Generated_Source\PSoC5/Timer_1_PM.c **** ********************************************************************************
  62:Generated_Source\PSoC5/Timer_1_PM.c **** *
  63:Generated_Source\PSoC5/Timer_1_PM.c **** * Summary:
  64:Generated_Source\PSoC5/Timer_1_PM.c **** *  Restores the current user configuration.
  65:Generated_Source\PSoC5/Timer_1_PM.c **** *
  66:Generated_Source\PSoC5/Timer_1_PM.c **** * Parameters:
  67:Generated_Source\PSoC5/Timer_1_PM.c **** *  void
  68:Generated_Source\PSoC5/Timer_1_PM.c **** *
  69:Generated_Source\PSoC5/Timer_1_PM.c **** * Return:
  70:Generated_Source\PSoC5/Timer_1_PM.c **** *  void
  71:Generated_Source\PSoC5/Timer_1_PM.c **** *
  72:Generated_Source\PSoC5/Timer_1_PM.c **** * Global variables:
  73:Generated_Source\PSoC5/Timer_1_PM.c **** *  Timer_1_backup:  Variables of this global structure are used to
  74:Generated_Source\PSoC5/Timer_1_PM.c **** *  restore the values of non retention registers on wakeup from sleep mode.
  75:Generated_Source\PSoC5/Timer_1_PM.c **** *
  76:Generated_Source\PSoC5/Timer_1_PM.c **** *******************************************************************************/
  77:Generated_Source\PSoC5/Timer_1_PM.c **** void Timer_1_RestoreConfig(void) 
  78:Generated_Source\PSoC5/Timer_1_PM.c **** {   
  66              		.loc 1 78 0
  67              		.cfi_startproc
  68              		@ args = 0, pretend = 0, frame = 0
  69              		@ frame_needed = 0, uses_anonymous_args = 0
  70 0000 10B5     		push	{r4, lr}
  71              		.cfi_def_cfa_offset 8
  72              		.cfi_offset 4, -8
  73              		.cfi_offset 14, -4
  79:Generated_Source\PSoC5/Timer_1_PM.c ****     #if (!Timer_1_UsingFixedFunction)
  80:Generated_Source\PSoC5/Timer_1_PM.c **** 
  81:Generated_Source\PSoC5/Timer_1_PM.c ****         Timer_1_WriteCounter(Timer_1_backup.TimerUdb);
  74              		.loc 1 81 0
  75 0002 054C     		ldr	r4, .L7
  76 0004 6078     		ldrb	r0, [r4, #1]	@ zero_extendqisi2
  77 0006 FFF7FEFF 		bl	Timer_1_WriteCounter
  78              	.LVL2:
  82:Generated_Source\PSoC5/Timer_1_PM.c ****         Timer_1_STATUS_MASK =Timer_1_backup.InterruptMaskValue;
  79              		.loc 1 82 0
  80 000a A278     		ldrb	r2, [r4, #2]	@ zero_extendqisi2
  81 000c 034B     		ldr	r3, .L7+4
  82 000e 1A70     		strb	r2, [r3]
  83:Generated_Source\PSoC5/Timer_1_PM.c ****         #if (Timer_1_UsingHWCaptureCounter)
  84:Generated_Source\PSoC5/Timer_1_PM.c ****             Timer_1_SetCaptureCount(Timer_1_backup.TimerCaptureCounter);
  85:Generated_Source\PSoC5/Timer_1_PM.c ****         #endif /* Restore Capture counter register*/
  86:Generated_Source\PSoC5/Timer_1_PM.c **** 
  87:Generated_Source\PSoC5/Timer_1_PM.c ****         #if(!Timer_1_UDB_CONTROL_REG_REMOVED)
  88:Generated_Source\PSoC5/Timer_1_PM.c ****             Timer_1_WriteControlRegister(Timer_1_backup.TimerControlRegister);
  83              		.loc 1 88 0
ARM GAS  C:\Users\Rolf\AppData\Local\Temp\ccZXnzEC.s 			page 4


  84 0010 E078     		ldrb	r0, [r4, #3]	@ zero_extendqisi2
  85 0012 FFF7FEFF 		bl	Timer_1_WriteControlRegister
  86              	.LVL3:
  87 0016 10BD     		pop	{r4, pc}
  88              	.L8:
  89              		.align	2
  90              	.L7:
  91 0018 00000000 		.word	.LANCHOR0
  92 001c 8D640040 		.word	1073767565
  93              		.cfi_endproc
  94              	.LFE1:
  95              		.size	Timer_1_RestoreConfig, .-Timer_1_RestoreConfig
  96              		.section	.text.Timer_1_Sleep,"ax",%progbits
  97              		.align	2
  98              		.global	Timer_1_Sleep
  99              		.thumb
 100              		.thumb_func
 101              		.type	Timer_1_Sleep, %function
 102              	Timer_1_Sleep:
 103              	.LFB2:
  89:Generated_Source\PSoC5/Timer_1_PM.c ****         #endif /* Restore the enable state of the Timer component */
  90:Generated_Source\PSoC5/Timer_1_PM.c ****     #endif /* Restore non retention registers in the UDB implementation only */
  91:Generated_Source\PSoC5/Timer_1_PM.c **** }
  92:Generated_Source\PSoC5/Timer_1_PM.c **** 
  93:Generated_Source\PSoC5/Timer_1_PM.c **** 
  94:Generated_Source\PSoC5/Timer_1_PM.c **** /*******************************************************************************
  95:Generated_Source\PSoC5/Timer_1_PM.c **** * Function Name: Timer_1_Sleep
  96:Generated_Source\PSoC5/Timer_1_PM.c **** ********************************************************************************
  97:Generated_Source\PSoC5/Timer_1_PM.c **** *
  98:Generated_Source\PSoC5/Timer_1_PM.c **** * Summary:
  99:Generated_Source\PSoC5/Timer_1_PM.c **** *     Stop and Save the user configuration
 100:Generated_Source\PSoC5/Timer_1_PM.c **** *
 101:Generated_Source\PSoC5/Timer_1_PM.c **** * Parameters:
 102:Generated_Source\PSoC5/Timer_1_PM.c **** *  void
 103:Generated_Source\PSoC5/Timer_1_PM.c **** *
 104:Generated_Source\PSoC5/Timer_1_PM.c **** * Return:
 105:Generated_Source\PSoC5/Timer_1_PM.c **** *  void
 106:Generated_Source\PSoC5/Timer_1_PM.c **** *
 107:Generated_Source\PSoC5/Timer_1_PM.c **** * Global variables:
 108:Generated_Source\PSoC5/Timer_1_PM.c **** *  Timer_1_backup.TimerEnableState:  Is modified depending on the
 109:Generated_Source\PSoC5/Timer_1_PM.c **** *  enable state of the block before entering sleep mode.
 110:Generated_Source\PSoC5/Timer_1_PM.c **** *
 111:Generated_Source\PSoC5/Timer_1_PM.c **** *******************************************************************************/
 112:Generated_Source\PSoC5/Timer_1_PM.c **** void Timer_1_Sleep(void) 
 113:Generated_Source\PSoC5/Timer_1_PM.c **** {
 104              		.loc 1 113 0
 105              		.cfi_startproc
 106              		@ args = 0, pretend = 0, frame = 0
 107              		@ frame_needed = 0, uses_anonymous_args = 0
 108 0000 08B5     		push	{r3, lr}
 109              		.cfi_def_cfa_offset 8
 110              		.cfi_offset 3, -8
 111              		.cfi_offset 14, -4
 114:Generated_Source\PSoC5/Timer_1_PM.c ****     #if(!Timer_1_UDB_CONTROL_REG_REMOVED)
 115:Generated_Source\PSoC5/Timer_1_PM.c ****         /* Save Counter's enable state */
 116:Generated_Source\PSoC5/Timer_1_PM.c ****         if(Timer_1_CTRL_ENABLE == (Timer_1_CONTROL & Timer_1_CTRL_ENABLE))
 112              		.loc 1 116 0
ARM GAS  C:\Users\Rolf\AppData\Local\Temp\ccZXnzEC.s 			page 5


 113 0002 084B     		ldr	r3, .L13
 114 0004 1B78     		ldrb	r3, [r3]	@ zero_extendqisi2
 115 0006 13F0800F 		tst	r3, #128
 116 000a 03D0     		beq	.L10
 117:Generated_Source\PSoC5/Timer_1_PM.c ****         {
 118:Generated_Source\PSoC5/Timer_1_PM.c ****             /* Timer is enabled */
 119:Generated_Source\PSoC5/Timer_1_PM.c ****             Timer_1_backup.TimerEnableState = 1u;
 117              		.loc 1 119 0
 118 000c 0122     		movs	r2, #1
 119 000e 064B     		ldr	r3, .L13+4
 120 0010 1A70     		strb	r2, [r3]
 121 0012 02E0     		b	.L11
 122              	.L10:
 120:Generated_Source\PSoC5/Timer_1_PM.c ****         }
 121:Generated_Source\PSoC5/Timer_1_PM.c ****         else
 122:Generated_Source\PSoC5/Timer_1_PM.c ****         {
 123:Generated_Source\PSoC5/Timer_1_PM.c ****             /* Timer is disabled */
 124:Generated_Source\PSoC5/Timer_1_PM.c ****             Timer_1_backup.TimerEnableState = 0u;
 123              		.loc 1 124 0
 124 0014 0022     		movs	r2, #0
 125 0016 044B     		ldr	r3, .L13+4
 126 0018 1A70     		strb	r2, [r3]
 127              	.L11:
 125:Generated_Source\PSoC5/Timer_1_PM.c ****         }
 126:Generated_Source\PSoC5/Timer_1_PM.c ****     #endif /* Back up enable state from the Timer control register */
 127:Generated_Source\PSoC5/Timer_1_PM.c ****     Timer_1_Stop();
 128              		.loc 1 127 0
 129 001a FFF7FEFF 		bl	Timer_1_Stop
 130              	.LVL4:
 128:Generated_Source\PSoC5/Timer_1_PM.c ****     Timer_1_SaveConfig();
 131              		.loc 1 128 0
 132 001e FFF7FEFF 		bl	Timer_1_SaveConfig
 133              	.LVL5:
 134 0022 08BD     		pop	{r3, pc}
 135              	.L14:
 136              		.align	2
 137              	.L13:
 138 0024 7D640040 		.word	1073767549
 139 0028 00000000 		.word	.LANCHOR0
 140              		.cfi_endproc
 141              	.LFE2:
 142              		.size	Timer_1_Sleep, .-Timer_1_Sleep
 143              		.section	.text.Timer_1_Wakeup,"ax",%progbits
 144              		.align	2
 145              		.global	Timer_1_Wakeup
 146              		.thumb
 147              		.thumb_func
 148              		.type	Timer_1_Wakeup, %function
 149              	Timer_1_Wakeup:
 150              	.LFB3:
 129:Generated_Source\PSoC5/Timer_1_PM.c **** }
 130:Generated_Source\PSoC5/Timer_1_PM.c **** 
 131:Generated_Source\PSoC5/Timer_1_PM.c **** 
 132:Generated_Source\PSoC5/Timer_1_PM.c **** /*******************************************************************************
 133:Generated_Source\PSoC5/Timer_1_PM.c **** * Function Name: Timer_1_Wakeup
 134:Generated_Source\PSoC5/Timer_1_PM.c **** ********************************************************************************
 135:Generated_Source\PSoC5/Timer_1_PM.c **** *
ARM GAS  C:\Users\Rolf\AppData\Local\Temp\ccZXnzEC.s 			page 6


 136:Generated_Source\PSoC5/Timer_1_PM.c **** * Summary:
 137:Generated_Source\PSoC5/Timer_1_PM.c **** *  Restores and enables the user configuration
 138:Generated_Source\PSoC5/Timer_1_PM.c **** *
 139:Generated_Source\PSoC5/Timer_1_PM.c **** * Parameters:
 140:Generated_Source\PSoC5/Timer_1_PM.c **** *  void
 141:Generated_Source\PSoC5/Timer_1_PM.c **** *
 142:Generated_Source\PSoC5/Timer_1_PM.c **** * Return:
 143:Generated_Source\PSoC5/Timer_1_PM.c **** *  void
 144:Generated_Source\PSoC5/Timer_1_PM.c **** *
 145:Generated_Source\PSoC5/Timer_1_PM.c **** * Global variables:
 146:Generated_Source\PSoC5/Timer_1_PM.c **** *  Timer_1_backup.enableState:  Is used to restore the enable state of
 147:Generated_Source\PSoC5/Timer_1_PM.c **** *  block on wakeup from sleep mode.
 148:Generated_Source\PSoC5/Timer_1_PM.c **** *
 149:Generated_Source\PSoC5/Timer_1_PM.c **** *******************************************************************************/
 150:Generated_Source\PSoC5/Timer_1_PM.c **** void Timer_1_Wakeup(void) 
 151:Generated_Source\PSoC5/Timer_1_PM.c **** {
 151              		.loc 1 151 0
 152              		.cfi_startproc
 153              		@ args = 0, pretend = 0, frame = 0
 154              		@ frame_needed = 0, uses_anonymous_args = 0
 155 0000 08B5     		push	{r3, lr}
 156              		.cfi_def_cfa_offset 8
 157              		.cfi_offset 3, -8
 158              		.cfi_offset 14, -4
 152:Generated_Source\PSoC5/Timer_1_PM.c ****     Timer_1_RestoreConfig();
 159              		.loc 1 152 0
 160 0002 FFF7FEFF 		bl	Timer_1_RestoreConfig
 161              	.LVL6:
 153:Generated_Source\PSoC5/Timer_1_PM.c ****     #if(!Timer_1_UDB_CONTROL_REG_REMOVED)
 154:Generated_Source\PSoC5/Timer_1_PM.c ****         if(Timer_1_backup.TimerEnableState == 1u)
 162              		.loc 1 154 0
 163 0006 034B     		ldr	r3, .L18
 164 0008 1B78     		ldrb	r3, [r3]	@ zero_extendqisi2
 165 000a 012B     		cmp	r3, #1
 166 000c 01D1     		bne	.L15
 155:Generated_Source\PSoC5/Timer_1_PM.c ****         {     /* Enable Timer's operation */
 156:Generated_Source\PSoC5/Timer_1_PM.c ****                 Timer_1_Enable();
 167              		.loc 1 156 0
 168 000e FFF7FEFF 		bl	Timer_1_Enable
 169              	.LVL7:
 170              	.L15:
 171 0012 08BD     		pop	{r3, pc}
 172              	.L19:
 173              		.align	2
 174              	.L18:
 175 0014 00000000 		.word	.LANCHOR0
 176              		.cfi_endproc
 177              	.LFE3:
 178              		.size	Timer_1_Wakeup, .-Timer_1_Wakeup
 179              		.bss
 180              		.align	2
 181              		.set	.LANCHOR0,. + 0
 182              		.type	Timer_1_backup, %object
 183              		.size	Timer_1_backup, 4
 184              	Timer_1_backup:
 185 0000 00000000 		.space	4
 186              		.text
ARM GAS  C:\Users\Rolf\AppData\Local\Temp\ccZXnzEC.s 			page 7


 187              	.Letext0:
 188              		.file 2 "Generated_Source\\PSoC5\\cytypes.h"
 189              		.file 3 "Generated_Source\\PSoC5\\Timer_1.h"
 190              		.section	.debug_info,"",%progbits
 191              	.Ldebug_info0:
 192 0000 DF010000 		.4byte	0x1df
 193 0004 0400     		.2byte	0x4
 194 0006 00000000 		.4byte	.Ldebug_abbrev0
 195 000a 04       		.byte	0x4
 196 000b 01       		.uleb128 0x1
 197 000c 8D000000 		.4byte	.LASF31
 198 0010 0C       		.byte	0xc
 199 0011 5B000000 		.4byte	.LASF32
 200 0015 2D020000 		.4byte	.LASF33
 201 0019 00000000 		.4byte	.Ldebug_ranges0+0
 202 001d 00000000 		.4byte	0
 203 0021 00000000 		.4byte	.Ldebug_line0
 204 0025 02       		.uleb128 0x2
 205 0026 01       		.byte	0x1
 206 0027 06       		.byte	0x6
 207 0028 83020000 		.4byte	.LASF0
 208 002c 02       		.uleb128 0x2
 209 002d 01       		.byte	0x1
 210 002e 08       		.byte	0x8
 211 002f 7F000000 		.4byte	.LASF1
 212 0033 02       		.uleb128 0x2
 213 0034 02       		.byte	0x2
 214 0035 05       		.byte	0x5
 215 0036 23020000 		.4byte	.LASF2
 216 003a 02       		.uleb128 0x2
 217 003b 02       		.byte	0x2
 218 003c 07       		.byte	0x7
 219 003d 26000000 		.4byte	.LASF3
 220 0041 02       		.uleb128 0x2
 221 0042 04       		.byte	0x4
 222 0043 05       		.byte	0x5
 223 0044 5F020000 		.4byte	.LASF4
 224 0048 02       		.uleb128 0x2
 225 0049 04       		.byte	0x4
 226 004a 07       		.byte	0x7
 227 004b 20010000 		.4byte	.LASF5
 228 004f 02       		.uleb128 0x2
 229 0050 08       		.byte	0x8
 230 0051 05       		.byte	0x5
 231 0052 ED010000 		.4byte	.LASF6
 232 0056 02       		.uleb128 0x2
 233 0057 08       		.byte	0x8
 234 0058 07       		.byte	0x7
 235 0059 A2010000 		.4byte	.LASF7
 236 005d 03       		.uleb128 0x3
 237 005e 04       		.byte	0x4
 238 005f 05       		.byte	0x5
 239 0060 696E7400 		.ascii	"int\000"
 240 0064 02       		.uleb128 0x2
 241 0065 04       		.byte	0x4
 242 0066 07       		.byte	0x7
 243 0067 95010000 		.4byte	.LASF8
ARM GAS  C:\Users\Rolf\AppData\Local\Temp\ccZXnzEC.s 			page 8


 244 006b 04       		.uleb128 0x4
 245 006c 40010000 		.4byte	.LASF12
 246 0070 02       		.byte	0x2
 247 0071 E801     		.2byte	0x1e8
 248 0073 2C000000 		.4byte	0x2c
 249 0077 02       		.uleb128 0x2
 250 0078 04       		.byte	0x4
 251 0079 04       		.byte	0x4
 252 007a 55000000 		.4byte	.LASF9
 253 007e 02       		.uleb128 0x2
 254 007f 08       		.byte	0x8
 255 0080 04       		.byte	0x4
 256 0081 55010000 		.4byte	.LASF10
 257 0085 02       		.uleb128 0x2
 258 0086 01       		.byte	0x1
 259 0087 08       		.byte	0x8
 260 0088 FB010000 		.4byte	.LASF11
 261 008c 04       		.uleb128 0x4
 262 008d 1B010000 		.4byte	.LASF13
 263 0091 02       		.byte	0x2
 264 0092 9202     		.2byte	0x292
 265 0094 98000000 		.4byte	0x98
 266 0098 05       		.uleb128 0x5
 267 0099 6B000000 		.4byte	0x6b
 268 009d 02       		.uleb128 0x2
 269 009e 08       		.byte	0x8
 270 009f 04       		.byte	0x4
 271 00a0 77020000 		.4byte	.LASF14
 272 00a4 02       		.uleb128 0x2
 273 00a5 04       		.byte	0x4
 274 00a6 07       		.byte	0x7
 275 00a7 E4010000 		.4byte	.LASF15
 276 00ab 06       		.uleb128 0x6
 277 00ac 04       		.byte	0x4
 278 00ad 03       		.byte	0x3
 279 00ae 43       		.byte	0x43
 280 00af E4000000 		.4byte	0xe4
 281 00b3 07       		.uleb128 0x7
 282 00b4 00000000 		.4byte	.LASF16
 283 00b8 03       		.byte	0x3
 284 00b9 45       		.byte	0x45
 285 00ba 6B000000 		.4byte	0x6b
 286 00be 00       		.byte	0
 287 00bf 07       		.uleb128 0x7
 288 00c0 4C000000 		.4byte	.LASF17
 289 00c4 03       		.byte	0x3
 290 00c5 48       		.byte	0x48
 291 00c6 6B000000 		.4byte	0x6b
 292 00ca 01       		.byte	0x1
 293 00cb 07       		.uleb128 0x7
 294 00cc 9C020000 		.4byte	.LASF18
 295 00d0 03       		.byte	0x3
 296 00d1 49       		.byte	0x49
 297 00d2 6B000000 		.4byte	0x6b
 298 00d6 02       		.byte	0x2
 299 00d7 07       		.uleb128 0x7
 300 00d8 AF020000 		.4byte	.LASF19
ARM GAS  C:\Users\Rolf\AppData\Local\Temp\ccZXnzEC.s 			page 9


 301 00dc 03       		.byte	0x3
 302 00dd 4F       		.byte	0x4f
 303 00de 6B000000 		.4byte	0x6b
 304 00e2 03       		.byte	0x3
 305 00e3 00       		.byte	0
 306 00e4 08       		.uleb128 0x8
 307 00e5 11000000 		.4byte	.LASF20
 308 00e9 03       		.byte	0x3
 309 00ea 53       		.byte	0x53
 310 00eb AB000000 		.4byte	0xab
 311 00ef 09       		.uleb128 0x9
 312 00f0 39000000 		.4byte	.LASF21
 313 00f4 01       		.byte	0x1
 314 00f5 2B       		.byte	0x2b
 315 00f6 00000000 		.4byte	.LFB0
 316 00fa 20000000 		.4byte	.LFE0-.LFB0
 317 00fe 01       		.uleb128 0x1
 318 00ff 9C       		.byte	0x9c
 319 0100 17010000 		.4byte	0x117
 320 0104 0A       		.uleb128 0xa
 321 0105 06000000 		.4byte	.LVL0
 322 0109 A0010000 		.4byte	0x1a0
 323 010d 0A       		.uleb128 0xa
 324 010e 14000000 		.4byte	.LVL1
 325 0112 AB010000 		.4byte	0x1ab
 326 0116 00       		.byte	0
 327 0117 09       		.uleb128 0x9
 328 0118 CE010000 		.4byte	.LASF22
 329 011c 01       		.byte	0x1
 330 011d 4D       		.byte	0x4d
 331 011e 00000000 		.4byte	.LFB1
 332 0122 20000000 		.4byte	.LFE1-.LFB1
 333 0126 01       		.uleb128 0x1
 334 0127 9C       		.byte	0x9c
 335 0128 3F010000 		.4byte	0x13f
 336 012c 0A       		.uleb128 0xa
 337 012d 0A000000 		.4byte	.LVL2
 338 0131 B6010000 		.4byte	0x1b6
 339 0135 0A       		.uleb128 0xa
 340 0136 16000000 		.4byte	.LVL3
 341 013a C1010000 		.4byte	0x1c1
 342 013e 00       		.byte	0
 343 013f 09       		.uleb128 0x9
 344 0140 32010000 		.4byte	.LASF23
 345 0144 01       		.byte	0x1
 346 0145 70       		.byte	0x70
 347 0146 00000000 		.4byte	.LFB2
 348 014a 2C000000 		.4byte	.LFE2-.LFB2
 349 014e 01       		.uleb128 0x1
 350 014f 9C       		.byte	0x9c
 351 0150 67010000 		.4byte	0x167
 352 0154 0A       		.uleb128 0xa
 353 0155 1E000000 		.4byte	.LVL4
 354 0159 CC010000 		.4byte	0x1cc
 355 015d 0A       		.uleb128 0xa
 356 015e 22000000 		.4byte	.LVL5
 357 0162 EF000000 		.4byte	0xef
ARM GAS  C:\Users\Rolf\AppData\Local\Temp\ccZXnzEC.s 			page 10


 358 0166 00       		.byte	0
 359 0167 09       		.uleb128 0x9
 360 0168 68020000 		.4byte	.LASF24
 361 016c 01       		.byte	0x1
 362 016d 96       		.byte	0x96
 363 016e 00000000 		.4byte	.LFB3
 364 0172 18000000 		.4byte	.LFE3-.LFB3
 365 0176 01       		.uleb128 0x1
 366 0177 9C       		.byte	0x9c
 367 0178 8F010000 		.4byte	0x18f
 368 017c 0A       		.uleb128 0xa
 369 017d 06000000 		.4byte	.LVL6
 370 0181 17010000 		.4byte	0x117
 371 0185 0A       		.uleb128 0xa
 372 0186 12000000 		.4byte	.LVL7
 373 018a D7010000 		.4byte	0x1d7
 374 018e 00       		.byte	0
 375 018f 0B       		.uleb128 0xb
 376 0190 14020000 		.4byte	.LASF34
 377 0194 01       		.byte	0x1
 378 0195 15       		.byte	0x15
 379 0196 E4000000 		.4byte	0xe4
 380 019a 05       		.uleb128 0x5
 381 019b 03       		.byte	0x3
 382 019c 00000000 		.4byte	Timer_1_backup
 383 01a0 0C       		.uleb128 0xc
 384 01a1 00020000 		.4byte	.LASF25
 385 01a5 00020000 		.4byte	.LASF25
 386 01a9 03       		.byte	0x3
 387 01aa 69       		.byte	0x69
 388 01ab 0C       		.uleb128 0xc
 389 01ac 79010000 		.4byte	.LASF26
 390 01b0 79010000 		.4byte	.LASF26
 391 01b4 03       		.byte	0x3
 392 01b5 63       		.byte	0x63
 393 01b6 0C       		.uleb128 0xc
 394 01b7 B9010000 		.4byte	.LASF27
 395 01bb B9010000 		.4byte	.LASF27
 396 01bf 03       		.byte	0x3
 397 01c0 6A       		.byte	0x6a
 398 01c1 0C       		.uleb128 0xc
 399 01c2 5C010000 		.4byte	.LASF28
 400 01c6 5C010000 		.4byte	.LASF28
 401 01ca 03       		.byte	0x3
 402 01cb 64       		.byte	0x64
 403 01cc 0C       		.uleb128 0xc
 404 01cd 8F020000 		.4byte	.LASF29
 405 01d1 8F020000 		.4byte	.LASF29
 406 01d5 03       		.byte	0x3
 407 01d6 5B       		.byte	0x5b
 408 01d7 0C       		.uleb128 0xc
 409 01d8 46010000 		.4byte	.LASF30
 410 01dc 46010000 		.4byte	.LASF30
 411 01e0 03       		.byte	0x3
 412 01e1 8B       		.byte	0x8b
 413 01e2 00       		.byte	0
 414              		.section	.debug_abbrev,"",%progbits
ARM GAS  C:\Users\Rolf\AppData\Local\Temp\ccZXnzEC.s 			page 11


 415              	.Ldebug_abbrev0:
 416 0000 01       		.uleb128 0x1
 417 0001 11       		.uleb128 0x11
 418 0002 01       		.byte	0x1
 419 0003 25       		.uleb128 0x25
 420 0004 0E       		.uleb128 0xe
 421 0005 13       		.uleb128 0x13
 422 0006 0B       		.uleb128 0xb
 423 0007 03       		.uleb128 0x3
 424 0008 0E       		.uleb128 0xe
 425 0009 1B       		.uleb128 0x1b
 426 000a 0E       		.uleb128 0xe
 427 000b 55       		.uleb128 0x55
 428 000c 17       		.uleb128 0x17
 429 000d 11       		.uleb128 0x11
 430 000e 01       		.uleb128 0x1
 431 000f 10       		.uleb128 0x10
 432 0010 17       		.uleb128 0x17
 433 0011 00       		.byte	0
 434 0012 00       		.byte	0
 435 0013 02       		.uleb128 0x2
 436 0014 24       		.uleb128 0x24
 437 0015 00       		.byte	0
 438 0016 0B       		.uleb128 0xb
 439 0017 0B       		.uleb128 0xb
 440 0018 3E       		.uleb128 0x3e
 441 0019 0B       		.uleb128 0xb
 442 001a 03       		.uleb128 0x3
 443 001b 0E       		.uleb128 0xe
 444 001c 00       		.byte	0
 445 001d 00       		.byte	0
 446 001e 03       		.uleb128 0x3
 447 001f 24       		.uleb128 0x24
 448 0020 00       		.byte	0
 449 0021 0B       		.uleb128 0xb
 450 0022 0B       		.uleb128 0xb
 451 0023 3E       		.uleb128 0x3e
 452 0024 0B       		.uleb128 0xb
 453 0025 03       		.uleb128 0x3
 454 0026 08       		.uleb128 0x8
 455 0027 00       		.byte	0
 456 0028 00       		.byte	0
 457 0029 04       		.uleb128 0x4
 458 002a 16       		.uleb128 0x16
 459 002b 00       		.byte	0
 460 002c 03       		.uleb128 0x3
 461 002d 0E       		.uleb128 0xe
 462 002e 3A       		.uleb128 0x3a
 463 002f 0B       		.uleb128 0xb
 464 0030 3B       		.uleb128 0x3b
 465 0031 05       		.uleb128 0x5
 466 0032 49       		.uleb128 0x49
 467 0033 13       		.uleb128 0x13
 468 0034 00       		.byte	0
 469 0035 00       		.byte	0
 470 0036 05       		.uleb128 0x5
 471 0037 35       		.uleb128 0x35
ARM GAS  C:\Users\Rolf\AppData\Local\Temp\ccZXnzEC.s 			page 12


 472 0038 00       		.byte	0
 473 0039 49       		.uleb128 0x49
 474 003a 13       		.uleb128 0x13
 475 003b 00       		.byte	0
 476 003c 00       		.byte	0
 477 003d 06       		.uleb128 0x6
 478 003e 13       		.uleb128 0x13
 479 003f 01       		.byte	0x1
 480 0040 0B       		.uleb128 0xb
 481 0041 0B       		.uleb128 0xb
 482 0042 3A       		.uleb128 0x3a
 483 0043 0B       		.uleb128 0xb
 484 0044 3B       		.uleb128 0x3b
 485 0045 0B       		.uleb128 0xb
 486 0046 01       		.uleb128 0x1
 487 0047 13       		.uleb128 0x13
 488 0048 00       		.byte	0
 489 0049 00       		.byte	0
 490 004a 07       		.uleb128 0x7
 491 004b 0D       		.uleb128 0xd
 492 004c 00       		.byte	0
 493 004d 03       		.uleb128 0x3
 494 004e 0E       		.uleb128 0xe
 495 004f 3A       		.uleb128 0x3a
 496 0050 0B       		.uleb128 0xb
 497 0051 3B       		.uleb128 0x3b
 498 0052 0B       		.uleb128 0xb
 499 0053 49       		.uleb128 0x49
 500 0054 13       		.uleb128 0x13
 501 0055 38       		.uleb128 0x38
 502 0056 0B       		.uleb128 0xb
 503 0057 00       		.byte	0
 504 0058 00       		.byte	0
 505 0059 08       		.uleb128 0x8
 506 005a 16       		.uleb128 0x16
 507 005b 00       		.byte	0
 508 005c 03       		.uleb128 0x3
 509 005d 0E       		.uleb128 0xe
 510 005e 3A       		.uleb128 0x3a
 511 005f 0B       		.uleb128 0xb
 512 0060 3B       		.uleb128 0x3b
 513 0061 0B       		.uleb128 0xb
 514 0062 49       		.uleb128 0x49
 515 0063 13       		.uleb128 0x13
 516 0064 00       		.byte	0
 517 0065 00       		.byte	0
 518 0066 09       		.uleb128 0x9
 519 0067 2E       		.uleb128 0x2e
 520 0068 01       		.byte	0x1
 521 0069 3F       		.uleb128 0x3f
 522 006a 19       		.uleb128 0x19
 523 006b 03       		.uleb128 0x3
 524 006c 0E       		.uleb128 0xe
 525 006d 3A       		.uleb128 0x3a
 526 006e 0B       		.uleb128 0xb
 527 006f 3B       		.uleb128 0x3b
 528 0070 0B       		.uleb128 0xb
ARM GAS  C:\Users\Rolf\AppData\Local\Temp\ccZXnzEC.s 			page 13


 529 0071 27       		.uleb128 0x27
 530 0072 19       		.uleb128 0x19
 531 0073 11       		.uleb128 0x11
 532 0074 01       		.uleb128 0x1
 533 0075 12       		.uleb128 0x12
 534 0076 06       		.uleb128 0x6
 535 0077 40       		.uleb128 0x40
 536 0078 18       		.uleb128 0x18
 537 0079 9742     		.uleb128 0x2117
 538 007b 19       		.uleb128 0x19
 539 007c 01       		.uleb128 0x1
 540 007d 13       		.uleb128 0x13
 541 007e 00       		.byte	0
 542 007f 00       		.byte	0
 543 0080 0A       		.uleb128 0xa
 544 0081 898201   		.uleb128 0x4109
 545 0084 00       		.byte	0
 546 0085 11       		.uleb128 0x11
 547 0086 01       		.uleb128 0x1
 548 0087 31       		.uleb128 0x31
 549 0088 13       		.uleb128 0x13
 550 0089 00       		.byte	0
 551 008a 00       		.byte	0
 552 008b 0B       		.uleb128 0xb
 553 008c 34       		.uleb128 0x34
 554 008d 00       		.byte	0
 555 008e 03       		.uleb128 0x3
 556 008f 0E       		.uleb128 0xe
 557 0090 3A       		.uleb128 0x3a
 558 0091 0B       		.uleb128 0xb
 559 0092 3B       		.uleb128 0x3b
 560 0093 0B       		.uleb128 0xb
 561 0094 49       		.uleb128 0x49
 562 0095 13       		.uleb128 0x13
 563 0096 02       		.uleb128 0x2
 564 0097 18       		.uleb128 0x18
 565 0098 00       		.byte	0
 566 0099 00       		.byte	0
 567 009a 0C       		.uleb128 0xc
 568 009b 2E       		.uleb128 0x2e
 569 009c 00       		.byte	0
 570 009d 3F       		.uleb128 0x3f
 571 009e 19       		.uleb128 0x19
 572 009f 3C       		.uleb128 0x3c
 573 00a0 19       		.uleb128 0x19
 574 00a1 6E       		.uleb128 0x6e
 575 00a2 0E       		.uleb128 0xe
 576 00a3 03       		.uleb128 0x3
 577 00a4 0E       		.uleb128 0xe
 578 00a5 3A       		.uleb128 0x3a
 579 00a6 0B       		.uleb128 0xb
 580 00a7 3B       		.uleb128 0x3b
 581 00a8 0B       		.uleb128 0xb
 582 00a9 00       		.byte	0
 583 00aa 00       		.byte	0
 584 00ab 00       		.byte	0
 585              		.section	.debug_aranges,"",%progbits
ARM GAS  C:\Users\Rolf\AppData\Local\Temp\ccZXnzEC.s 			page 14


 586 0000 34000000 		.4byte	0x34
 587 0004 0200     		.2byte	0x2
 588 0006 00000000 		.4byte	.Ldebug_info0
 589 000a 04       		.byte	0x4
 590 000b 00       		.byte	0
 591 000c 0000     		.2byte	0
 592 000e 0000     		.2byte	0
 593 0010 00000000 		.4byte	.LFB0
 594 0014 20000000 		.4byte	.LFE0-.LFB0
 595 0018 00000000 		.4byte	.LFB1
 596 001c 20000000 		.4byte	.LFE1-.LFB1
 597 0020 00000000 		.4byte	.LFB2
 598 0024 2C000000 		.4byte	.LFE2-.LFB2
 599 0028 00000000 		.4byte	.LFB3
 600 002c 18000000 		.4byte	.LFE3-.LFB3
 601 0030 00000000 		.4byte	0
 602 0034 00000000 		.4byte	0
 603              		.section	.debug_ranges,"",%progbits
 604              	.Ldebug_ranges0:
 605 0000 00000000 		.4byte	.LFB0
 606 0004 20000000 		.4byte	.LFE0
 607 0008 00000000 		.4byte	.LFB1
 608 000c 20000000 		.4byte	.LFE1
 609 0010 00000000 		.4byte	.LFB2
 610 0014 2C000000 		.4byte	.LFE2
 611 0018 00000000 		.4byte	.LFB3
 612 001c 18000000 		.4byte	.LFE3
 613 0020 00000000 		.4byte	0
 614 0024 00000000 		.4byte	0
 615              		.section	.debug_line,"",%progbits
 616              	.Ldebug_line0:
 617 0000 A7000000 		.section	.debug_str,"MS",%progbits,1
 617      02005400 
 617      00000201 
 617      FB0E0D00 
 617      01010101 
 618              	.LASF16:
 619 0000 54696D65 		.ascii	"TimerEnableState\000"
 619      72456E61 
 619      626C6553 
 619      74617465 
 619      00
 620              	.LASF20:
 621 0011 54696D65 		.ascii	"Timer_1_backupStruct\000"
 621      725F315F 
 621      6261636B 
 621      75705374 
 621      72756374 
 622              	.LASF3:
 623 0026 73686F72 		.ascii	"short unsigned int\000"
 623      7420756E 
 623      7369676E 
 623      65642069 
 623      6E7400
 624              	.LASF21:
 625 0039 54696D65 		.ascii	"Timer_1_SaveConfig\000"
 625      725F315F 
ARM GAS  C:\Users\Rolf\AppData\Local\Temp\ccZXnzEC.s 			page 15


 625      53617665 
 625      436F6E66 
 625      696700
 626              	.LASF17:
 627 004c 54696D65 		.ascii	"TimerUdb\000"
 627      72556462 
 627      00
 628              	.LASF9:
 629 0055 666C6F61 		.ascii	"float\000"
 629      7400
 630              	.LASF32:
 631 005b 47656E65 		.ascii	"Generated_Source\\PSoC5\\Timer_1_PM.c\000"
 631      72617465 
 631      645F536F 
 631      75726365 
 631      5C50536F 
 632              	.LASF1:
 633 007f 756E7369 		.ascii	"unsigned char\000"
 633      676E6564 
 633      20636861 
 633      7200
 634              	.LASF31:
 635 008d 474E5520 		.ascii	"GNU C11 5.4.1 20160609 (release) [ARM/embedded-5-br"
 635      43313120 
 635      352E342E 
 635      31203230 
 635      31363036 
 636 00c0 616E6368 		.ascii	"anch revision 237715] -mcpu=cortex-m3 -mthumb -g -O"
 636      20726576 
 636      6973696F 
 636      6E203233 
 636      37373135 
 637 00f3 67202D66 		.ascii	"g -ffunction-sections -ffat-lto-objects\000"
 637      66756E63 
 637      74696F6E 
 637      2D736563 
 637      74696F6E 
 638              	.LASF13:
 639 011b 72656738 		.ascii	"reg8\000"
 639      00
 640              	.LASF5:
 641 0120 6C6F6E67 		.ascii	"long unsigned int\000"
 641      20756E73 
 641      69676E65 
 641      6420696E 
 641      7400
 642              	.LASF23:
 643 0132 54696D65 		.ascii	"Timer_1_Sleep\000"
 643      725F315F 
 643      536C6565 
 643      7000
 644              	.LASF12:
 645 0140 75696E74 		.ascii	"uint8\000"
 645      3800
 646              	.LASF30:
 647 0146 54696D65 		.ascii	"Timer_1_Enable\000"
 647      725F315F 
ARM GAS  C:\Users\Rolf\AppData\Local\Temp\ccZXnzEC.s 			page 16


 647      456E6162 
 647      6C6500
 648              	.LASF10:
 649 0155 646F7562 		.ascii	"double\000"
 649      6C6500
 650              	.LASF28:
 651 015c 54696D65 		.ascii	"Timer_1_WriteControlRegister\000"
 651      725F315F 
 651      57726974 
 651      65436F6E 
 651      74726F6C 
 652              	.LASF26:
 653 0179 54696D65 		.ascii	"Timer_1_ReadControlRegister\000"
 653      725F315F 
 653      52656164 
 653      436F6E74 
 653      726F6C52 
 654              	.LASF8:
 655 0195 756E7369 		.ascii	"unsigned int\000"
 655      676E6564 
 655      20696E74 
 655      00
 656              	.LASF7:
 657 01a2 6C6F6E67 		.ascii	"long long unsigned int\000"
 657      206C6F6E 
 657      6720756E 
 657      7369676E 
 657      65642069 
 658              	.LASF27:
 659 01b9 54696D65 		.ascii	"Timer_1_WriteCounter\000"
 659      725F315F 
 659      57726974 
 659      65436F75 
 659      6E746572 
 660              	.LASF22:
 661 01ce 54696D65 		.ascii	"Timer_1_RestoreConfig\000"
 661      725F315F 
 661      52657374 
 661      6F726543 
 661      6F6E6669 
 662              	.LASF15:
 663 01e4 73697A65 		.ascii	"sizetype\000"
 663      74797065 
 663      00
 664              	.LASF6:
 665 01ed 6C6F6E67 		.ascii	"long long int\000"
 665      206C6F6E 
 665      6720696E 
 665      7400
 666              	.LASF11:
 667 01fb 63686172 		.ascii	"char\000"
 667      00
 668              	.LASF25:
 669 0200 54696D65 		.ascii	"Timer_1_ReadCounter\000"
 669      725F315F 
 669      52656164 
 669      436F756E 
ARM GAS  C:\Users\Rolf\AppData\Local\Temp\ccZXnzEC.s 			page 17


 669      74657200 
 670              	.LASF34:
 671 0214 54696D65 		.ascii	"Timer_1_backup\000"
 671      725F315F 
 671      6261636B 
 671      757000
 672              	.LASF2:
 673 0223 73686F72 		.ascii	"short int\000"
 673      7420696E 
 673      7400
 674              	.LASF33:
 675 022d 523A5C56 		.ascii	"R:\\VScode\\GIT\\PSoC5_VS_Creator\\PSoC_Creator.cyd"
 675      53636F64 
 675      655C4749 
 675      545C5053 
 675      6F43355F 
 676 025c 736E00   		.ascii	"sn\000"
 677              	.LASF4:
 678 025f 6C6F6E67 		.ascii	"long int\000"
 678      20696E74 
 678      00
 679              	.LASF24:
 680 0268 54696D65 		.ascii	"Timer_1_Wakeup\000"
 680      725F315F 
 680      57616B65 
 680      757000
 681              	.LASF14:
 682 0277 6C6F6E67 		.ascii	"long double\000"
 682      20646F75 
 682      626C6500 
 683              	.LASF0:
 684 0283 7369676E 		.ascii	"signed char\000"
 684      65642063 
 684      68617200 
 685              	.LASF29:
 686 028f 54696D65 		.ascii	"Timer_1_Stop\000"
 686      725F315F 
 686      53746F70 
 686      00
 687              	.LASF18:
 688 029c 496E7465 		.ascii	"InterruptMaskValue\000"
 688      72727570 
 688      744D6173 
 688      6B56616C 
 688      756500
 689              	.LASF19:
 690 02af 54696D65 		.ascii	"TimerControlRegister\000"
 690      72436F6E 
 690      74726F6C 
 690      52656769 
 690      73746572 
 691              		.ident	"GCC: (GNU Tools for ARM Embedded Processors) 5.4.1 20160609 (release) [ARM/embedded-5-bran
